<html>
<body>
<pre>
<h1>µVision Build Log</h1>
<h2>Tool Versions:</h2>
IDE-Version: µVision V5.36.0.0
Copyright (C) 2021 ARM Ltd and ARM Germany GmbH. All rights reserved.
License Information: Yusuf Turan, NONE, LIC=----
 
Tool Versions:
Toolchain:       MDK-Lite  Version: 5.36.0.0
Toolchain Path:  D:\Keil_v5\ARM\ARMCLANG\Bin
C Compiler:      ArmClang.exe V6.16
Assembler:       Armasm.exe V6.16
Linker/Locator:  ArmLink.exe V6.16
Library Manager: ArmAr.exe V6.16
Hex Converter:   FromElf.exe V6.16
CPU DLL:         SARMCM3.DLL V5.36.0.0
Dialog DLL:      DCM.DLL V1.17.3.0
Target DLL:      STLink\ST-LINKIII-KEIL_SWO.dll V3.0.9.0
Dialog DLL:      TCM.DLL V1.53.0.0
 
<h2>Project:</h2>
D:\Keil_v5\Kernel_Internals\Kernel_Internals.uvprojx
Project File Date:  04/25/2022

<h2>Output:</h2>
*** Using Compiler 'V6.16', folder: 'D:\Keil_v5\ARM\ARMCLANG\Bin'
Rebuild target 'Target 1'
assembling startup_stm32f407xx.s...
compiling system_stm32f4xx.c...
main.c(33): warning: no previous prototype for function 'BLUE_MAIN' [-Wmissing-prototypes]
int  BLUE_MAIN(void)
     ^
main.c(33): note: declare 'static' if the function is not intended to be used outside of this translation unit
int  BLUE_MAIN(void)
^
static 
main.c(44): warning: no previous prototype for function 'RED_MAIN' [-Wmissing-prototypes]
int RED_MAIN(void)
    ^
main.c(44): note: declare 'static' if the function is not intended to be used outside of this translation unit
int RED_MAIN(void)
^
static 
main.c(16): warning: no previous extern declaration for non-static variable 'tick' [-Wmissing-variable-declarations]
volatile uint32_t tick;
                  ^
main.c(16): note: declare 'static' if the variable is not intended to be used outside of this translation unit
volatile uint32_t tick;
         ^
main.c(17): warning: no previous extern declaration for non-static variable '_tick' [-Wmissing-variable-declarations]
volatile uint32_t _tick;
                  ^
main.c(17): note: declare 'static' if the variable is not intended to be used outside of this translation unit
volatile uint32_t _tick;
         ^
4 warnings generated.
compiling main.c...
linking...
Program Size: Code=848 RO-data=440 RW-data=4 ZI-data=1640  
".\Objects\Kernel_Internals.axf" - 0 Error(s), 4 Warning(s).

<h2>Software Packages used:</h2>

Package Vendor: ARM
                http://www.keil.com/pack/ARM.CMSIS.5.8.0.pack
                ARM.CMSIS.5.8.0
                CMSIS (Common Microcontroller Software Interface Standard)
   * Component: CORE Version: 5.5.0

Package Vendor: Keil
                http://www.keil.com/pack/Keil.STM32F4xx_DFP.2.16.0.pack
                Keil.STM32F4xx_DFP.2.16.0
                STMicroelectronics STM32F4 Series Device Support, Drivers and Examples
   * Component: Startup Version: 2.6.3

<h2>Collection of Component include folders:</h2>
  .\RTE\_Target_1
  D:\Users\Turan\AppData\Local\Arm\Packs\ARM\CMSIS\5.8.0\CMSIS\Core\Include
  D:\Users\Turan\AppData\Local\Arm\Packs\Keil\STM32F4xx_DFP\2.16.0\Drivers\CMSIS\Device\ST\STM32F4xx\Include

<h2>Collection of Component Files used:</h2>

   * Component: ARM::CMSIS:CORE:5.5.0

   * Component: Keil::Device:Startup:2.6.3
      Source file:   MDK\Device\Source\ARM\STM32F40xxx_41xxx_OPT.s
      Source file:   Drivers\CMSIS\Device\ST\STM32F4xx\Source\Templates\arm\startup_stm32f407xx.s
      Include file:  Drivers\CMSIS\Device\ST\STM32F4xx\Include\stm32f4xx.h
      Source file:   MDK\Device\Source\ARM\STM32F4xx_OTP.s
      Source file:   Drivers\CMSIS\Device\ST\STM32F4xx\Source\Templates\system_stm32f4xx.c
Build Time Elapsed:  00:00:01
</pre>
</body>
</html>
